
> volvodocker@1.0.0 test /Users/ksaminat/testing/git_volvo/volvo-kube
> npx wdio run wdio.conf.js


Execution of 6 workers started at 2021-10-27T04:43:36.243Z

2021-10-27T04:43:36.319Z INFO @wdio/cli:launcher: Run onPrepare hook
2021-10-27T04:43:36.323Z INFO @wdio/cli:launcher: Run onWorkerStart hook
2021-10-27T04:43:36.324Z INFO @wdio/cli:launcher: Run onWorkerStart hook
2021-10-27T04:43:36.324Z INFO @wdio/cli:launcher: Run onWorkerStart hook
2021-10-27T04:43:36.324Z INFO @wdio/cli:launcher: Run onWorkerStart hook
2021-10-27T04:43:36.324Z INFO @wdio/cli:launcher: Run onWorkerStart hook
2021-10-27T04:43:36.324Z INFO @wdio/cli:launcher: Run onWorkerStart hook
2021-10-27T04:43:36.325Z INFO @wdio/local-runner: Start worker 0-0 with arg: run,wdio.conf.js
2021-10-27T04:43:36.342Z INFO @wdio/local-runner: Start worker 1-0 with arg: run,wdio.conf.js
2021-10-27T04:43:36.350Z INFO @wdio/local-runner: Start worker 0-1 with arg: run,wdio.conf.js
2021-10-27T04:43:36.356Z INFO @wdio/local-runner: Start worker 1-1 with arg: run,wdio.conf.js
2021-10-27T04:43:36.362Z INFO @wdio/local-runner: Start worker 0-2 with arg: run,wdio.conf.js
2021-10-27T04:43:36.368Z INFO @wdio/local-runner: Start worker 1-2 with arg: run,wdio.conf.js
[0-0] [90m2021-10-27T04:43:36.864Z[39m [96mINFO[39m [97m@wdio/local-runner[39m: Run worker command: run
[0-1] [90m2021-10-27T04:43:36.895Z[39m [96mINFO[39m [97m@wdio/local-runner[39m: Run worker command: run
[1-0] [90m2021-10-27T04:43:36.902Z[39m [96mINFO[39m [97m@wdio/local-runner[39m: Run worker command: run
[1-1] [90m2021-10-27T04:43:36.911Z[39m [96mINFO[39m [97m@wdio/local-runner[39m: Run worker command: run
[0-2] [90m2021-10-27T04:43:36.923Z[39m [96mINFO[39m [97m@wdio/local-runner[39m: Run worker command: run
[1-2] [90m2021-10-27T04:43:36.928Z[39m [96mINFO[39m [97m@wdio/local-runner[39m: Run worker command: run
[0-1] RUNNING in chrome - /test/specs/index.spec.js
[1-0] RUNNING in firefox - /test/specs/carSafetyPage.spec.js
[0-0] RUNNING in chrome - /test/specs/carSafetyPage.spec.js
[1-1] RUNNING in firefox - /test/specs/index.spec.js
[0-0] [90m2021-10-27T04:43:37.862Z[39m [96mINFO[39m [97mwebdriver[39m: Initiate new session using the WebDriver protocol
[0-1] [90m2021-10-27T04:43:37.863Z[39m [96mINFO[39m [97mwebdriver[39m: Initiate new session using the WebDriver protocol
[1-1] [90m2021-10-27T04:43:37.868Z[39m [96mINFO[39m [97mwebdriver[39m: Initiate new session using the WebDriver protocol
[1-0] [90m2021-10-27T04:43:37.868Z[39m [96mINFO[39m [97mwebdriver[39m: Initiate new session using the WebDriver protocol
[0-2] RUNNING in chrome - /test/specs/XC40HybridSUV.spec.js
[0-2] [90m2021-10-27T04:43:37.879Z[39m [96mINFO[39m [97mwebdriver[39m: Initiate new session using the WebDriver protocol
[1-1] [90m2021-10-27T04:43:37.945Z[39m [96mINFO[39m [97mwebdriver[39m: [POST] http://localhost:4444/session
[0-1] [90m2021-10-27T04:43:37.946Z[39m [96mINFO[39m [97mwebdriver[39m: [POST] http://localhost:4444/session
[0-2] [90m2021-10-27T04:43:37.946Z[39m [96mINFO[39m [97mwebdriver[39m: [POST] http://localhost:4444/session
[1-0] [90m2021-10-27T04:43:37.946Z[39m [96mINFO[39m [97mwebdriver[39m: [POST] http://localhost:4444/session
[0-0] [90m2021-10-27T04:43:37.946Z[39m [96mINFO[39m [97mwebdriver[39m: [POST] http://localhost:4444/session
[0-1] [90m2021-10-27T04:43:37.946Z[39m [96mINFO[39m [97mwebdriver[39m: [33mDATA[39m {
[0-1]   capabilities: {
[0-1]     alwaysMatch: { browserName: 'chrome', acceptInsecureCerts: true },
[0-1]     firstMatch: [ {} ]
[0-1]   },
[0-1]   desiredCapabilities: { browserName: 'chrome', acceptInsecureCerts: true }
[0-1] }
[1-1] [90m2021-10-27T04:43:37.945Z[39m [96mINFO[39m [97mwebdriver[39m: [33mDATA[39m {
[1-1]   capabilities: {
[1-1]     alwaysMatch: {
[1-1]       browserName: 'firefox',
[1-1]       acceptInsecureCerts: true,
[1-1]       'moz:firefoxOptions': [Object]
[1-1]     },
[1-1]     firstMatch: [ {} ]
[1-1]   },
[1-1]   desiredCapabilities: {
[1-1]     browserName: 'firefox',
[1-1]     acceptInsecureCerts: true,
[1-1]     'moz:firefoxOptions': { args: [Array] }
[1-1]   }
[1-1] }
[0-2] [90m2021-10-27T04:43:37.946Z[39m [96mINFO[39m [97mwebdriver[39m: [33mDATA[39m {
[0-2]   capabilities: {
[0-2]     alwaysMatch: { browserName: 'chrome', acceptInsecureCerts: true },
[0-2]     firstMatch: [ {} ]
[0-2]   },
[0-2]   desiredCapabilities: { browserName: 'chrome', acceptInsecureCerts: true }
[0-2] }
[1-0] [90m2021-10-27T04:43:37.946Z[39m [96mINFO[39m [97mwebdriver[39m: [33mDATA[39m {
[1-0]   capabilities: {
[1-0]     alwaysMatch: {
[1-0]       browserName: 'firefox',
[1-0]       acceptInsecureCerts: true,
[1-0]       'moz:firefoxOptions': [Object]
[1-0]     },
[1-0]     firstMatch: [ {} ]
[1-0]   },
[1-0]   desiredCapabilities: {
[1-0]     browserName: 'firefox',
[1-0]     acceptInsecureCerts: true,
[1-0]     'moz:firefoxOptions': { args: [Array] }
[1-0]   }
[1-0] }
[0-0] [90m2021-10-27T04:43:37.946Z[39m [96mINFO[39m [97mwebdriver[39m: [33mDATA[39m {
[0-0]   capabilities: {
[0-0]     alwaysMatch: { browserName: 'chrome', acceptInsecureCerts: true },
[0-0]     firstMatch: [ {} ]
[0-0]   },
[0-0]   desiredCapabilities: { browserName: 'chrome', acceptInsecureCerts: true }
[0-0] }
[1-2] RUNNING in firefox - /test/specs/XC40HybridSUV.spec.js
[1-2] [90m2021-10-27T04:43:38.064Z[39m [96mINFO[39m [97mwebdriver[39m: Initiate new session using the WebDriver protocol
[1-2] [90m2021-10-27T04:43:38.108Z[39m [96mINFO[39m [97mwebdriver[39m: [POST] http://localhost:4444/session
[1-2] [90m2021-10-27T04:43:38.108Z[39m [96mINFO[39m [97mwebdriver[39m: [33mDATA[39m {
[1-2]   capabilities: {
[1-2]     alwaysMatch: {
[1-2]       browserName: 'firefox',
[1-2]       acceptInsecureCerts: true,
[1-2]       'moz:firefoxOptions': [Object]
[1-2]     },
[1-2]     firstMatch: [ {} ]
[1-2]   },
[1-2]   desiredCapabilities: {
[1-2]     browserName: 'firefox',
[1-2]     acceptInsecureCerts: true,
[1-2]     'moz:firefoxOptions': { args: [Array] }
[1-2]   }
[1-2] }
[0-0] [90m2021-10-27T04:43:41.984Z[39m [96mINFO[39m [97mwebdriver[39m: [35mCOMMAND[39m navigateTo("https://www.volvocars.com/intl/v/car-safety/a-million-more")
[0-0] [90m2021-10-27T04:43:41.984Z[39m [96mINFO[39m [97mwebdriver[39m: [POST] http://localhost:4444/session/61763880365d330bdd02dda32b5dbc5b/url
[0-0] [90m2021-10-27T04:43:41.984Z[39m [96mINFO[39m [97mwebdriver[39m: [33mDATA[39m { url: 'https://www.volvocars.com/intl/v/car-safety/a-million-more' }
[0-0] [90m2021-10-27T04:43:44.799Z[39m [96mINFO[39m [97mwebdriver[39m: [35mCOMMAND[39m maximizeWindow()
[0-0] [90m2021-10-27T04:43:44.799Z[39m [96mINFO[39m [97mwebdriver[39m: [POST] http://localhost:4444/session/61763880365d330bdd02dda32b5dbc5b/window/maximize
[0-0] [90m2021-10-27T04:43:44.935Z[39m [96mINFO[39m [97mwebdriver[39m: [36mRESULT[39m { height: 998, width: 1360, x: 0, y: 0 }
[0-0] [90m2021-10-27T04:43:44.952Z[39m [96mINFO[39m [97mwebdriver[39m: [35mCOMMAND[39m findElement("xpath", "/html/body/div[1]/div[2]/div[4]/div[2]/div/button")
[0-0] [90m2021-10-27T04:43:44.952Z[39m [96mINFO[39m [97mwebdriver[39m: [POST] http://localhost:4444/session/61763880365d330bdd02dda32b5dbc5b/element
[0-0] [90m2021-10-27T04:43:44.952Z[39m [96mINFO[39m [97mwebdriver[39m: [33mDATA[39m {
[0-0]   using: 'xpath',
[0-0]   value: '/html/body/div[1]/div[2]/div[4]/div[2]/div/button'
[0-0] }
[0-0] [90m2021-10-27T04:43:44.997Z[39m [96mINFO[39m [97mwebdriver[39m: [36mRESULT[39m {
[0-0]   'element-6066-11e4-a52e-4f735466cecf': '10c46fcc-a80a-4dec-a699-274fa72c8778'
[0-0] }
[0-0] [90m2021-10-27T04:43:45.004Z[39m [96mINFO[39m [97mwebdriver[39m: [35mCOMMAND[39m elementClick("10c46fcc-a80a-4dec-a699-274fa72c8778")
[0-0] [90m2021-10-27T04:43:45.004Z[39m [96mINFO[39m [97mwebdriver[39m: [POST] http://localhost:4444/session/61763880365d330bdd02dda32b5dbc5b/element/10c46fcc-a80a-4dec-a699-274fa72c8778/click
[0-0] [90m2021-10-27T04:43:45.267Z[39m [96mINFO[39m [97mwebdriver[39m: [35mCOMMAND[39m getTitle()
[0-0] [90m2021-10-27T04:43:45.267Z[39m [96mINFO[39m [97mwebdriver[39m: [GET] http://localhost:4444/session/61763880365d330bdd02dda32b5dbc5b/title
[0-0] [90m2021-10-27T04:43:45.339Z[39m [96mINFO[39m [97mwebdriver[39m: [36mRESULT[39m A million more | Volvo Cars - International
[0-0] A million more | Volvo Cars - International
[0-0] [90m2021-10-27T04:43:45.343Z[39m [96mINFO[39m [97mwebdriver[39m: [35mCOMMAND[39m getTitle()
[0-0] [90m2021-10-27T04:43:45.344Z[39m [96mINFO[39m [97mwebdriver[39m: [GET] http://localhost:4444/session/61763880365d330bdd02dda32b5dbc5b/title
[0-0] [90m2021-10-27T04:43:45.372Z[39m [96mINFO[39m [97mwebdriver[39m: [36mRESULT[39m A million more | Volvo Cars - International
[0-0] [90m2021-10-27T04:43:45.849Z[39m [96mINFO[39m [97mwebdriver[39m: [35mCOMMAND[39m getTitle()
[0-0] [90m2021-10-27T04:43:45.849Z[39m [96mINFO[39m [97mwebdriver[39m: [GET] http://localhost:4444/session/61763880365d330bdd02dda32b5dbc5b/title
[0-0] [90m2021-10-27T04:43:45.922Z[39m [96mINFO[39m [97mwebdriver[39m: [36mRESULT[39m A million more | Volvo Cars - International
[0-0] [90m2021-10-27T04:43:46.347Z[39m [96mINFO[39m [97mwebdriver[39m: [35mCOMMAND[39m getTitle()
[0-0] [90m2021-10-27T04:43:46.348Z[39m [96mINFO[39m [97mwebdriver[39m: [GET] http://localhost:4444/session/61763880365d330bdd02dda32b5dbc5b/title
[0-0] [90m2021-10-27T04:43:46.369Z[39m [96mINFO[39m [97mwebdriver[39m: [36mRESULT[39m A million more | Volvo Cars - International
[0-0] [90m2021-10-27T04:43:46.845Z[39m [96mINFO[39m [97mwebdriver[39m: [35mCOMMAND[39m getTitle()
[0-0] [90m2021-10-27T04:43:46.845Z[39m [96mINFO[39m [97mwebdriver[39m: [GET] http://localhost:4444/session/61763880365d330bdd02dda32b5dbc5b/title
[0-0] [90m2021-10-27T04:43:46.875Z[39m [96mINFO[39m [97mwebdriver[39m: [36mRESULT[39m A million more | Volvo Cars - International
[0-0] [90m2021-10-27T04:43:47.343Z[39m [96mINFO[39m [97mwebdriver[39m: [35mCOMMAND[39m getTitle()
[0-0] [90m2021-10-27T04:43:47.343Z[39m [96mINFO[39m [97mwebdriver[39m: [GET] http://localhost:4444/session/61763880365d330bdd02dda32b5dbc5b/title
[0-0] [90m2021-10-27T04:43:47.371Z[39m [96mINFO[39m [97mwebdriver[39m: [36mRESULT[39m A million more | Volvo Cars - International
[0-0] [90m2021-10-27T04:43:47.848Z[39m [96mINFO[39m [97mwebdriver[39m: [35mCOMMAND[39m getTitle()
[0-0] [90m2021-10-27T04:43:47.848Z[39m [96mINFO[39m [97mwebdriver[39m: [GET] http://localhost:4444/session/61763880365d330bdd02dda32b5dbc5b/title
[0-0] [90m2021-10-27T04:43:47.881Z[39m [96mINFO[39m [97mwebdriver[39m: [36mRESULT[39m A million more | Volvo Cars - International
[0-0] [90m2021-10-27T04:43:48.348Z[39m [96mINFO[39m [97mwebdriver[39m: [35mCOMMAND[39m getTitle()
[0-0] [90m2021-10-27T04:43:48.348Z[39m [96mINFO[39m [97mwebdriver[39m: [GET] http://localhost:4444/session/61763880365d330bdd02dda32b5dbc5b/title
[0-0] [90m2021-10-27T04:43:48.372Z[39m [96mINFO[39m [97mwebdriver[39m: [36mRESULT[39m A million more | Volvo Cars - International
[0-0] [90m2021-10-27T04:43:48.848Z[39m [96mINFO[39m [97mwebdriver[39m: [35mCOMMAND[39m getTitle()
[0-0] [90m2021-10-27T04:43:48.848Z[39m [96mINFO[39m [97mwebdriver[39m: [GET] http://localhost:4444/session/61763880365d330bdd02dda32b5dbc5b/title
[0-0] [90m2021-10-27T04:43:48.870Z[39m [96mINFO[39m [97mwebdriver[39m: [36mRESULT[39m A million more | Volvo Cars - International
[0-0] [90m2021-10-27T04:43:49.344Z[39m [96mINFO[39m [97mwebdriver[39m: [35mCOMMAND[39m getTitle()
[0-0] [90m2021-10-27T04:43:49.344Z[39m [96mINFO[39m [97mwebdriver[39m: [GET] http://localhost:4444/session/61763880365d330bdd02dda32b5dbc5b/title
[0-0] [90m2021-10-27T04:43:49.373Z[39m [96mINFO[39m [97mwebdriver[39m: [36mRESULT[39m A million more | Volvo Cars - International
[0-0] [90m2021-10-27T04:43:49.843Z[39m [96mINFO[39m [97mwebdriver[39m: [35mCOMMAND[39m getTitle()
[0-0] [90m2021-10-27T04:43:49.843Z[39m [96mINFO[39m [97mwebdriver[39m: [GET] http://localhost:4444/session/61763880365d330bdd02dda32b5dbc5b/title
[0-0] [90m2021-10-27T04:43:49.868Z[39m [96mINFO[39m [97mwebdriver[39m: [36mRESULT[39m A million more | Volvo Cars - International
[0-0] [90m2021-10-27T04:43:50.347Z[39m [96mINFO[39m [97mwebdriver[39m: [35mCOMMAND[39m getTitle()
[0-0] [90m2021-10-27T04:43:50.347Z[39m [96mINFO[39m [97mwebdriver[39m: [GET] http://localhost:4444/session/61763880365d330bdd02dda32b5dbc5b/title
[0-0] [90m2021-10-27T04:43:50.370Z[39m [96mINFO[39m [97mwebdriver[39m: [36mRESULT[39m A million more | Volvo Cars - International
[0-0] [90m2021-10-27T04:43:50.844Z[39m [96mINFO[39m [97mwebdriver[39m: [35mCOMMAND[39m getTitle()
[0-0] [90m2021-10-27T04:43:50.844Z[39m [96mINFO[39m [97mwebdriver[39m: [GET] http://localhost:4444/session/61763880365d330bdd02dda32b5dbc5b/title
[0-0] [90m2021-10-27T04:43:50.866Z[39m [96mINFO[39m [97mwebdriver[39m: [36mRESULT[39m A million more | Volvo Cars - International
[0-0] [90m2021-10-27T04:43:51.347Z[39m [96mINFO[39m [97mwebdriver[39m: [35mCOMMAND[39m getTitle()
[0-0] [90m2021-10-27T04:43:51.348Z[39m [96mINFO[39m [97mwebdriver[39m: [GET] http://localhost:4444/session/61763880365d330bdd02dda32b5dbc5b/title
[0-0] [90m2021-10-27T04:43:51.369Z[39m [96mINFO[39m [97mwebdriver[39m: [36mRESULT[39m A million more | Volvo Cars - International
[0-0] [90m2021-10-27T04:43:51.848Z[39m [96mINFO[39m [97mwebdriver[39m: [35mCOMMAND[39m getTitle()
[0-0] [90m2021-10-27T04:43:51.848Z[39m [96mINFO[39m [97mwebdriver[39m: [GET] http://localhost:4444/session/61763880365d330bdd02dda32b5dbc5b/title
[0-0] [90m2021-10-27T04:43:51.879Z[39m [96mINFO[39m [97mwebdriver[39m: [36mRESULT[39m A million more | Volvo Cars - International
[0-0] [90m2021-10-27T04:43:52.342Z[39m [96mINFO[39m [97mwebdriver[39m: [35mCOMMAND[39m getTitle()
[0-0] [90m2021-10-27T04:43:52.342Z[39m [96mINFO[39m [97mwebdriver[39m: [GET] http://localhost:4444/session/61763880365d330bdd02dda32b5dbc5b/title
[0-0] [90m2021-10-27T04:43:52.365Z[39m [96mINFO[39m [97mwebdriver[39m: [36mRESULT[39m A million more | Volvo Cars - International
[0-0] [90m2021-10-27T04:43:52.847Z[39m [96mINFO[39m [97mwebdriver[39m: [35mCOMMAND[39m getTitle()
[0-0] [90m2021-10-27T04:43:52.847Z[39m [96mINFO[39m [97mwebdriver[39m: [GET] http://localhost:4444/session/61763880365d330bdd02dda32b5dbc5b/title
[0-0] [90m2021-10-27T04:43:52.870Z[39m [96mINFO[39m [97mwebdriver[39m: [36mRESULT[39m A million more | Volvo Cars - International
[0-0] [90m2021-10-27T04:43:53.348Z[39m [96mINFO[39m [97mwebdriver[39m: [35mCOMMAND[39m getTitle()
[0-0] [90m2021-10-27T04:43:53.348Z[39m [96mINFO[39m [97mwebdriver[39m: [GET] http://localhost:4444/session/61763880365d330bdd02dda32b5dbc5b/title
[0-0] [90m2021-10-27T04:43:53.374Z[39m [96mINFO[39m [97mwebdriver[39m: [36mRESULT[39m A million more | Volvo Cars - International
[0-0] [90m2021-10-27T04:43:53.848Z[39m [96mINFO[39m [97mwebdriver[39m: [35mCOMMAND[39m getTitle()
[0-0] [90m2021-10-27T04:43:53.848Z[39m [96mINFO[39m [97mwebdriver[39m: [GET] http://localhost:4444/session/61763880365d330bdd02dda32b5dbc5b/title
[0-0] [90m2021-10-27T04:43:53.886Z[39m [96mINFO[39m [97mwebdriver[39m: [36mRESULT[39m A million more | Volvo Cars - International
[0-0] [90m2021-10-27T04:43:54.345Z[39m [96mINFO[39m [97mwebdriver[39m: [35mCOMMAND[39m getTitle()
[0-0] [90m2021-10-27T04:43:54.345Z[39m [96mINFO[39m [97mwebdriver[39m: [GET] http://localhost:4444/session/61763880365d330bdd02dda32b5dbc5b/title
[0-0] [90m2021-10-27T04:43:54.379Z[39m [96mINFO[39m [97mwebdriver[39m: [36mRESULT[39m A million more | Volvo Cars - International
[0-0] [90m2021-10-27T04:43:54.845Z[39m [96mINFO[39m [97mwebdriver[39m: [35mCOMMAND[39m getTitle()
[0-0] [90m2021-10-27T04:43:54.845Z[39m [96mINFO[39m [97mwebdriver[39m: [GET] http://localhost:4444/session/61763880365d330bdd02dda32b5dbc5b/title
[0-0] [90m2021-10-27T04:43:54.869Z[39m [96mINFO[39m [97mwebdriver[39m: [36mRESULT[39m A million more | Volvo Cars - International
[0-0] [90m2021-10-27T04:43:55.350Z[39m [96mINFO[39m [97mwebdriver[39m: [35mCOMMAND[39m takeScreenshot()
[0-0] [90m2021-10-27T04:43:55.350Z[39m [96mINFO[39m [97mwebdriver[39m: [GET] http://localhost:4444/session/61763880365d330bdd02dda32b5dbc5b/screenshot
[0-0] [90m2021-10-27T04:43:55.544Z[39m [96mINFO[39m [97mwebdriver[39m: [36mRESULT[39m iVBORw0KGgoAAAANSUhEUgAABVAAAANwCAYAAADJAkFEAAAAAXNSR0IArs4c6...
[0-0] Error in "Volvo Cars Safety Page Validator.Validate Title"
Error: Expect window to have title

Expected: [32mundefined[39m
Received: [31m"A million more | Volvo Cars - International"[39m
    at Context.<anonymous> (/Users/ksaminat/testing/git_volvo/volvo-kube/test/specs/carSafetyPage.spec.js:14:31)
    at Context.executeAsync (/Users/ksaminat/testing/git_volvo/volvo-kube/node_modules/@wdio/utils/build/shim.js:325:27)
    at Context.testFrameworkFnWrapper (/Users/ksaminat/testing/git_volvo/volvo-kube/node_modules/@wdio/utils/build/test-framework/testFnWrapper.js:45:32)
[0-0] [90m2021-10-27T04:43:55.559Z[39m [96mINFO[39m [97mwebdriver[39m: [35mCOMMAND[39m findElement("xpath", "//*[@id="IconCallouts-1"]/section/div/div[1]/div[2]/div[2]/em")
[0-0] [90m2021-10-27T04:43:55.559Z[39m [96mINFO[39m [97mwebdriver[39m: [POST] http://localhost:4444/session/61763880365d330bdd02dda32b5dbc5b/element
[0-0] [90m2021-10-27T04:43:55.559Z[39m [96mINFO[39m [97mwebdriver[39m: [33mDATA[39m {
[0-0]   using: 'xpath',
[0-0]   value: '//*[@id="IconCallouts-1"]/section/div/div[1]/div[2]/div[2]/em'
[0-0] }
[0-0] [90m2021-10-27T04:43:55.602Z[39m [96mINFO[39m [97mwebdriver[39m: [36mRESULT[39m {
[0-0]   'element-6066-11e4-a52e-4f735466cecf': 'f08b848c-eb6a-4f35-98bc-21dabebb3632'
[0-0] }
[0-0] [90m2021-10-27T04:43:55.606Z[39m [96mINFO[39m [97mwebdriver[39m: [35mCOMMAND[39m executeScript(<fn>, <object>)
[0-0] [90m2021-10-27T04:43:55.606Z[39m [96mINFO[39m [97mwebdriver[39m: [POST] http://localhost:4444/session/61763880365d330bdd02dda32b5dbc5b/execute/sync
[0-0] [90m2021-10-27T04:43:55.606Z[39m [96mINFO[39m [97mwebdriver[39m: [33mDATA[39m {
[0-0]   script: 'return (function (elem, options) {\n' +
[0-0]     '        elem.scrollIntoView(options);\n' +
[0-0]     '    }).apply(null, arguments)',
[0-0]   args: [
[0-0]     {
[0-0]       'element-6066-11e4-a52e-4f735466cecf': 'f08b848c-eb6a-4f35-98bc-21dabebb3632',
[0-0]       ELEMENT: 'f08b848c-eb6a-4f35-98bc-21dabebb3632'
[0-0]     },
[0-0]     true
[0-0]   ]
[0-0] }
[0-0] [90m2021-10-27T04:43:55.634Z[39m [96mINFO[39m [97mwebdriver[39m: [35mCOMMAND[39m takeScreenshot()
[0-0] [90m2021-10-27T04:43:55.634Z[39m [96mINFO[39m [97mwebdriver[39m: [GET] http://localhost:4444/session/61763880365d330bdd02dda32b5dbc5b/screenshot
[0-0] [90m2021-10-27T04:43:55.944Z[39m [96mINFO[39m [97mwebdriver[39m: [36mRESULT[39m iVBORw0KGgoAAAANSUhEUgAABVAAAANwCAYAAADJAkFEAAAAAXNSR0IArs4c6...
[0-0] TypeError in "Volvo Cars Safety Page Validator.Validate Care Safety Link"
TypeError: Cannot read property 'waitForDisplayed' of undefined
    at Context.<anonymous> (/Users/ksaminat/testing/git_volvo/volvo-kube/test/specs/carSafetyPage.spec.js:24:28)
    at processTicksAndRejections (internal/process/task_queues.js:93:5)
[0-0] [90m2021-10-27T04:43:55.948Z[39m [96mINFO[39m [97mwebdriver[39m: [35mCOMMAND[39m getTitle()
[0-0] [90m2021-10-27T04:43:55.949Z[39m [96mINFO[39m [97mwebdriver[39m: [GET] http://localhost:4444/session/61763880365d330bdd02dda32b5dbc5b/title
[0-0] [90m2021-10-27T04:43:55.989Z[39m [96mINFO[39m [97mwebdriver[39m: [36mRESULT[39m A million more | Volvo Cars - International
[0-0] [90m2021-10-27T04:43:56.453Z[39m [96mINFO[39m [97mwebdriver[39m: [35mCOMMAND[39m getTitle()
[0-0] [90m2021-10-27T04:43:56.453Z[39m [96mINFO[39m [97mwebdriver[39m: [GET] http://localhost:4444/session/61763880365d330bdd02dda32b5dbc5b/title
[0-0] [90m2021-10-27T04:43:56.482Z[39m [96mINFO[39m [97mwebdriver[39m: [36mRESULT[39m A million more | Volvo Cars - International
[0-0] [90m2021-10-27T04:43:56.951Z[39m [96mINFO[39m [97mwebdriver[39m: [35mCOMMAND[39m getTitle()
[0-0] [90m2021-10-27T04:43:56.951Z[39m [96mINFO[39m [97mwebdriver[39m: [GET] http://localhost:4444/session/61763880365d330bdd02dda32b5dbc5b/title
[0-0] [90m2021-10-27T04:43:56.973Z[39m [96mINFO[39m [97mwebdriver[39m: [36mRESULT[39m A million more | Volvo Cars - International
[0-0] [90m2021-10-27T04:43:57.453Z[39m [96mINFO[39m [97mwebdriver[39m: [35mCOMMAND[39m getTitle()
[0-0] [90m2021-10-27T04:43:57.453Z[39m [96mINFO[39m [97mwebdriver[39m: [GET] http://localhost:4444/session/61763880365d330bdd02dda32b5dbc5b/title
[0-0] [90m2021-10-27T04:43:57.475Z[39m [96mINFO[39m [97mwebdriver[39m: [36mRESULT[39m A million more | Volvo Cars - International
[0-0] [90m2021-10-27T04:43:57.951Z[39m [96mINFO[39m [97mwebdriver[39m: [35mCOMMAND[39m getTitle()
[0-0] [90m2021-10-27T04:43:57.951Z[39m [96mINFO[39m [97mwebdriver[39m: [GET] http://localhost:4444/session/61763880365d330bdd02dda32b5dbc5b/title
[0-0] [90m2021-10-27T04:43:57.979Z[39m [96mINFO[39m [97mwebdriver[39m: [36mRESULT[39m A million more | Volvo Cars - International
[0-0] [90m2021-10-27T04:43:58.453Z[39m [96mINFO[39m [97mwebdriver[39m: [35mCOMMAND[39m getTitle()
[0-0] [90m2021-10-27T04:43:58.453Z[39m [96mINFO[39m [97mwebdriver[39m: [GET] http://localhost:4444/session/61763880365d330bdd02dda32b5dbc5b/title
[0-0] [90m2021-10-27T04:43:58.478Z[39m [96mINFO[39m [97mwebdriver[39m: [36mRESULT[39m A million more | Volvo Cars - International
[0-0] [90m2021-10-27T04:43:58.952Z[39m [96mINFO[39m [97mwebdriver[39m: [35mCOMMAND[39m getTitle()
[0-0] [90m2021-10-27T04:43:58.952Z[39m [96mINFO[39m [97mwebdriver[39m: [GET] http://localhost:4444/session/61763880365d330bdd02dda32b5dbc5b/title
[0-0] [90m2021-10-27T04:43:58.976Z[39m [96mINFO[39m [97mwebdriver[39m: [36mRESULT[39m A million more | Volvo Cars - International
[0-0] [90m2021-10-27T04:43:59.452Z[39m [96mINFO[39m [97mwebdriver[39m: [35mCOMMAND[39m getTitle()
[0-0] [90m2021-10-27T04:43:59.452Z[39m [96mINFO[39m [97mwebdriver[39m: [GET] http://localhost:4444/session/61763880365d330bdd02dda32b5dbc5b/title
[0-0] [90m2021-10-27T04:43:59.474Z[39m [96mINFO[39m [97mwebdriver[39m: [36mRESULT[39m A million more | Volvo Cars - International
[0-0] [90m2021-10-27T04:43:59.951Z[39m [96mINFO[39m [97mwebdriver[39m: [35mCOMMAND[39m getTitle()
[0-0] [90m2021-10-27T04:43:59.951Z[39m [96mINFO[39m [97mwebdriver[39m: [GET] http://localhost:4444/session/61763880365d330bdd02dda32b5dbc5b/title
[0-0] [90m2021-10-27T04:43:59.971Z[39m [96mINFO[39m [97mwebdriver[39m: [36mRESULT[39m A million more | Volvo Cars - International
[0-0] [90m2021-10-27T04:44:00.451Z[39m [96mINFO[39m [97mwebdriver[39m: [35mCOMMAND[39m getTitle()
[0-0] [90m2021-10-27T04:44:00.451Z[39m [96mINFO[39m [97mwebdriver[39m: [GET] http://localhost:4444/session/61763880365d330bdd02dda32b5dbc5b/title
[0-0] [90m2021-10-27T04:44:00.485Z[39m [96mINFO[39m [97mwebdriver[39m: [36mRESULT[39m A million more | Volvo Cars - International
[0-0] [90m2021-10-27T04:44:00.952Z[39m [96mINFO[39m [97mwebdriver[39m: [35mCOMMAND[39m getTitle()
[0-0] [90m2021-10-27T04:44:00.952Z[39m [96mINFO[39m [97mwebdriver[39m: [GET] http://localhost:4444/session/61763880365d330bdd02dda32b5dbc5b/title
[0-0] [90m2021-10-27T04:44:00.979Z[39m [96mINFO[39m [97mwebdriver[39m: [36mRESULT[39m A million more | Volvo Cars - International
[0-0] [90m2021-10-27T04:44:01.454Z[39m [96mINFO[39m [97mwebdriver[39m: [35mCOMMAND[39m getTitle()
[0-0] [90m2021-10-27T04:44:01.454Z[39m [96mINFO[39m [97mwebdriver[39m: [GET] http://localhost:4444/session/61763880365d330bdd02dda32b5dbc5b/title
[0-0] [90m2021-10-27T04:44:01.475Z[39m [96mINFO[39m [97mwebdriver[39m: [36mRESULT[39m A million more | Volvo Cars - International
[0-0] [90m2021-10-27T04:44:01.951Z[39m [96mINFO[39m [97mwebdriver[39m: [35mCOMMAND[39m getTitle()
[0-0] [90m2021-10-27T04:44:01.952Z[39m [96mINFO[39m [97mwebdriver[39m: [GET] http://localhost:4444/session/61763880365d330bdd02dda32b5dbc5b/title
[0-0] [90m2021-10-27T04:44:01.969Z[39m [96mINFO[39m [97mwebdriver[39m: [36mRESULT[39m A million more | Volvo Cars - International
[0-0] [90m2021-10-27T04:44:02.452Z[39m [96mINFO[39m [97mwebdriver[39m: [35mCOMMAND[39m getTitle()
[0-0] [90m2021-10-27T04:44:02.453Z[39m [96mINFO[39m [97mwebdriver[39m: [GET] http://localhost:4444/session/61763880365d330bdd02dda32b5dbc5b/title
[0-0] [90m2021-10-27T04:44:02.480Z[39m [96mINFO[39m [97mwebdriver[39m: [36mRESULT[39m A million more | Volvo Cars - International
[0-0] [90m2021-10-27T04:44:02.951Z[39m [96mINFO[39m [97mwebdriver[39m: [35mCOMMAND[39m getTitle()
[0-0] [90m2021-10-27T04:44:02.951Z[39m [96mINFO[39m [97mwebdriver[39m: [GET] http://localhost:4444/session/61763880365d330bdd02dda32b5dbc5b/title
[0-0] [90m2021-10-27T04:44:02.974Z[39m [96mINFO[39m [97mwebdriver[39m: [36mRESULT[39m A million more | Volvo Cars - International
[0-0] [90m2021-10-27T04:44:03.451Z[39m [96mINFO[39m [97mwebdriver[39m: [35mCOMMAND[39m getTitle()
[0-0] [90m2021-10-27T04:44:03.451Z[39m [96mINFO[39m [97mwebdriver[39m: [GET] http://localhost:4444/session/61763880365d330bdd02dda32b5dbc5b/title
[0-0] [90m2021-10-27T04:44:03.474Z[39m [96mINFO[39m [97mwebdriver[39m: [36mRESULT[39m A million more | Volvo Cars - International
[0-0] [90m2021-10-27T04:44:03.951Z[39m [96mINFO[39m [97mwebdriver[39m: [35mCOMMAND[39m getTitle()
[0-0] [90m2021-10-27T04:44:03.952Z[39m [96mINFO[39m [97mwebdriver[39m: [GET] http://localhost:4444/session/61763880365d330bdd02dda32b5dbc5b/title
[0-0] [90m2021-10-27T04:44:03.973Z[39m [96mINFO[39m [97mwebdriver[39m: [36mRESULT[39m A million more | Volvo Cars - International
[0-0] [90m2021-10-27T04:44:04.451Z[39m [96mINFO[39m [97mwebdriver[39m: [35mCOMMAND[39m getTitle()
[0-0] [90m2021-10-27T04:44:04.451Z[39m [96mINFO[39m [97mwebdriver[39m: [GET] http://localhost:4444/session/61763880365d330bdd02dda32b5dbc5b/title
[0-0] [90m2021-10-27T04:44:04.471Z[39m [96mINFO[39m [97mwebdriver[39m: [36mRESULT[39m A million more | Volvo Cars - International
[0-0] [90m2021-10-27T04:44:04.952Z[39m [96mINFO[39m [97mwebdriver[39m: [35mCOMMAND[39m getTitle()
[0-0] [90m2021-10-27T04:44:04.952Z[39m [96mINFO[39m [97mwebdriver[39m: [GET] http://localhost:4444/session/61763880365d330bdd02dda32b5dbc5b/title
[0-0] [90m2021-10-27T04:44:04.972Z[39m [96mINFO[39m [97mwebdriver[39m: [36mRESULT[39m A million more | Volvo Cars - International


Ending WebDriver sessions gracefully ...
(press ctrl+c again to hard kill the runner)
2021-10-27T04:44:05.280Z INFO @wdio/local-runner: Shutting down spawned worker
[1-2] [90m2021-10-27T04:44:05.280Z[39m [96mINFO[39m [97m@wdio/local-runner[39m: Received SIGINT, giving process 5000ms to shutdown gracefully
[1-1] [90m2021-10-27T04:44:05.281Z[39m [96mINFO[39m [97m@wdio/local-runner[39m: Received SIGINT, giving process 5000ms to shutdown gracefully
[1-1] [90m2021-10-27T04:44:05.281Z[39m [96mINFO[39m [97m@wdio/local-runner[39m: Run worker command: endSession
[0-2] [90m2021-10-27T04:44:05.280Z[39m [96mINFO[39m [97m@wdio/local-runner[39m: Received SIGINT, giving process 5000ms to shutdown gracefully
[0-2] [90m2021-10-27T04:44:05.282Z[39m [96mINFO[39m [97m@wdio/local-runner[39m: Run worker command: endSession
[0-1] [90m2021-10-27T04:44:05.281Z[39m [96mINFO[39m [97m@wdio/local-runner[39m: Run worker command: endSession
[0-1] [90m2021-10-27T04:44:05.282Z[39m [96mINFO[39m [97m@wdio/local-runner[39m: Received SIGINT, giving process 5000ms to shutdown gracefully
1-1 worker finisedCommand { command: 'endSession' }
0-1 worker finisedCommand { command: 'endSession' }
0-2 worker finisedCommand { command: 'endSession' }
[1-2] [90m2021-10-27T04:44:05.282Z[39m [96mINFO[39m [97m@wdio/local-runner[39m: Run worker command: endSession
[0-0] [90m2021-10-27T04:44:05.282Z[39m [96mINFO[39m [97m@wdio/local-runner[39m: Run worker command: endSession
[0-0] [90m2021-10-27T04:44:05.282Z[39m [96mINFO[39m [97mwebdriver[39m: [35mCOMMAND[39m deleteSession()
[0-0] [90m2021-10-27T04:44:05.283Z[39m [96mINFO[39m [97mwebdriver[39m: [DELETE] http://localhost:4444/session/61763880365d330bdd02dda32b5dbc5b
[0-0] [90m2021-10-27T04:44:05.284Z[39m [96mINFO[39m [97m@wdio/local-runner[39m: Received SIGINT, giving process 5000ms to shutdown gracefully
[1-0] [90m2021-10-27T04:44:05.281Z[39m [96mINFO[39m [97m@wdio/local-runner[39m: Run worker command: endSession
[1-0] [90m2021-10-27T04:44:05.283Z[39m [96mINFO[39m [97m@wdio/local-runner[39m: Received SIGINT, giving process 5000ms to shutdown gracefully
1-0 worker finisedCommand { command: 'endSession' }
1-2 worker finisedCommand { command: 'endSession' }
0-0 worker finisedCommand { command: 'endSession' }
[0-0] [90m2021-10-27T04:44:05.453Z[39m [96mINFO[39m [97mwebdriver[39m: [35mCOMMAND[39m getTitle()
2021-10-27T04:44:05.535Z INFO @wdio/local-runner: Waiting for 0 to shut down gracefully
2021-10-27T04:44:05.535Z INFO @wdio/local-runner: shutting down
